// Jest Snapshot v1, https://goo.gl/fbAQLP

exports[`search results component search results component renders correctly 1`] = `[Function]`;
